Run started: 2026-09-28 16:15:09
Device: cuda
Output: /content/runs_224/fpvit_c224_pretrained_s43
Data:   dermamnist_c at 224x224, norm=imagenet
Augmentation (train split only):
  - RandomRotation90 (exact, dihedral)
  - RandomResizedCrop(224, scale=(0.8, 1.0), ratio=(0.9, 1.111))
  - RandomHorizontalFlip(p=0.5)
  - RandomVerticalFlip(p=0.5)
  - ColorJitter(brightness=0.1, contrast=0.1, saturation=0.1, hue=0.02)
  - ToTensor + Normalize

Train class counts: [273, 448, 944, 102, 1021, 5309, 118]
Loss weights (effective): 0:0.96 1:0.64 2:0.38 3:2.37 4:0.36 5:0.23 6:2.06

Extractor initialised from ImageNet ResNet-18 (120 tensors)
Architecture: fpvit (17,078,599 parameters), stem=imagenet, token grid=14
Model: 17,078,599 parameters, 7 classes
Data:  train 8215 / val 573 / test 1227 (untouched)
Epochs 1..60

[epoch 001/60] lr=3.00e-05 train: loss=1.4193 acc=0.6533 | val: loss=0.5265 acc=0.8272 macroAUC=0.9197 macroF1=0.3466 balAcc=0.3648 (70.2s, eta 1h08m)  * best
            val recall/class: 0:0.21 1:0.73 2:0.24 3:0.00 4:0.41 5:0.97 6:0.00
[epoch 002/60] lr=1.20e-04 train: loss=1.1019 acc=0.6862 | val: loss=0.3972 acc=0.8796 macroAUC=0.9736 macroF1=0.6080 balAcc=0.6146 (68.9s, eta 1h07m)  * best
            val recall/class: 0:0.63 1:0.41 2:0.78 3:0.60 4:0.50 5:0.95 6:0.43
[epoch 003/60] lr=2.10e-04 train: loss=0.8400 acc=0.7454 | val: loss=0.4676 acc=0.8290 macroAUC=0.9734 macroF1=0.6146 balAcc=0.7488 (70.0s, eta 1h06m)  * best
            val recall/class: 0:0.53 1:0.68 2:0.52 3:1.00 4:0.77 5:0.88 6:0.86
[epoch 004/60] lr=3.00e-04 train: loss=0.7350 acc=0.7628 | val: loss=0.3185 acc=0.8935 macroAUC=0.9817 macroF1=0.6980 balAcc=0.7527 (70.0s, eta 1h05m)  * best
            val recall/class: 0:0.47 1:0.68 2:0.66 3:1.00 4:0.64 5:0.96 6:0.86
[epoch 005/60] lr=3.00e-04 train: loss=0.6087 acc=0.8014 | val: loss=0.3512 acc=0.8918 macroAUC=0.9816 macroF1=0.6620 balAcc=0.6912 (69.1s, eta 1h03m)
            val recall/class: 0:0.16 1:0.77 2:0.72 3:0.60 4:0.77 5:0.96 6:0.86
[epoch 006/60] lr=2.99e-04 train: loss=0.5361 acc=0.8210 | val: loss=0.3241 acc=0.8883 macroAUC=0.9837 macroF1=0.6725 balAcc=0.7021 (71.3s, eta 1h02m)
            val recall/class: 0:0.58 1:0.68 2:0.82 3:0.60 4:0.73 5:0.94 6:0.57
[epoch 007/60] lr=2.98e-04 train: loss=0.4751 acc=0.8346 | val: loss=0.3290 acc=0.9005 macroAUC=0.9812 macroF1=0.7054 balAcc=0.7292 (68.9s, eta 1h01m)
            val recall/class: 0:0.26 1:0.82 2:0.72 3:0.80 4:0.68 5:0.96 6:0.86
[epoch 008/60] lr=2.96e-04 train: loss=0.4169 acc=0.8488 | val: loss=0.3652 acc=0.9005 macroAUC=0.9776 macroF1=0.6941 balAcc=0.7205 (69.9s, eta 1h00m)
            val recall/class: 0:0.32 1:0.91 2:0.72 3:0.60 4:0.68 5:0.96 6:0.86
[epoch 009/60] lr=2.94e-04 train: loss=0.3775 acc=0.8595 | val: loss=0.3383 acc=0.8901 macroAUC=0.9815 macroF1=0.6167 balAcc=0.6105 (69.9s, eta 59m21s)
            val recall/class: 0:0.53 1:0.41 2:0.70 3:0.60 4:0.64 5:0.97 6:0.43
[epoch 010/60] lr=2.92e-04 train: loss=0.3540 acc=0.8721 | val: loss=0.3069 acc=0.8970 macroAUC=0.9801 macroF1=0.6722 balAcc=0.6785 (78.5s, eta 59m45s)
            val recall/class: 0:0.37 1:0.77 2:0.80 3:0.60 4:0.68 5:0.96 6:0.57
[epoch 011/60] lr=2.89e-04 train: loss=0.3186 acc=0.8796 | val: loss=0.3717 acc=0.9127 macroAUC=0.9783 macroF1=0.6873 balAcc=0.6633 (69.5s, eta 58m15s)
            val recall/class: 0:0.32 1:0.86 2:0.86 3:0.60 4:0.45 5:0.98 6:0.57
[epoch 012/60] lr=2.86e-04 train: loss=0.3003 acc=0.8878 | val: loss=0.3492 acc=0.9040 macroAUC=0.9807 macroF1=0.6700 balAcc=0.6678 (69.0s, eta 57m04s)
            val recall/class: 0:0.32 1:0.73 2:0.92 3:0.60 4:0.73 5:0.96 6:0.43
[epoch 013/60] lr=2.82e-04 train: loss=0.2819 acc=0.8954 | val: loss=0.3688 acc=0.9127 macroAUC=0.9831 macroF1=0.6853 balAcc=0.6426 (69.2s, eta 55m46s)
            val recall/class: 0:0.32 1:0.68 2:0.94 3:0.60 4:0.41 5:0.98 6:0.57
[epoch 014/60] lr=2.78e-04 train: loss=0.2507 acc=0.9050 | val: loss=0.3827 acc=0.9092 macroAUC=0.9820 macroF1=0.7325 balAcc=0.7516 (68.9s, eta 54m26s)
            val recall/class: 0:0.37 1:0.91 2:0.88 3:0.80 4:0.64 5:0.95 6:0.71
[epoch 015/60] lr=2.73e-04 train: loss=0.2685 acc=0.8988 | val: loss=0.3829 acc=0.9005 macroAUC=0.9796 macroF1=0.6939 balAcc=0.7124 (68.9s, eta 51m48s)
            val recall/class: 0:0.32 1:0.86 2:0.96 3:0.60 4:0.59 5:0.94 6:0.71
[epoch 016/60] lr=2.68e-04 train: loss=0.2241 acc=0.9156 | val: loss=0.3935 acc=0.9058 macroAUC=0.9808 macroF1=0.7142 balAcc=0.7535 (69.4s, eta 50m38s)  * best
            val recall/class: 0:0.37 1:0.82 2:0.90 3:0.80 4:0.73 5:0.95 6:0.71
[epoch 017/60] lr=2.63e-04 train: loss=0.2079 acc=0.9210 | val: loss=0.3927 acc=0.9023 macroAUC=0.9791 macroF1=0.6756 balAcc=0.6577 (68.3s, eta 49m23s)
            val recall/class: 0:0.32 1:0.77 2:0.88 3:0.60 4:0.50 5:0.96 6:0.57
[epoch 018/60] lr=2.58e-04 train: loss=0.2005 acc=0.9202 | val: loss=0.4455 acc=0.8918 macroAUC=0.9781 macroF1=0.6610 balAcc=0.6831 (69.3s, eta 48m16s)
            val recall/class: 0:0.32 1:0.91 2:0.90 3:0.60 4:0.55 5:0.94 6:0.57
[epoch 019/60] lr=2.52e-04 train: loss=0.1904 acc=0.9279 | val: loss=0.3607 acc=0.9127 macroAUC=0.9824 macroF1=0.7222 balAcc=0.7142 (68.5s, eta 47m03s)
            val recall/class: 0:0.37 1:0.91 2:0.90 3:0.60 4:0.55 5:0.96 6:0.71
[epoch 020/60] lr=2.45e-04 train: loss=0.1696 acc=0.9357 | val: loss=0.4080 acc=0.9040 macroAUC=0.9799 macroF1=0.6962 balAcc=0.6937 (69.6s, eta 46m00s)
            val recall/class: 0:0.37 1:0.73 2:0.80 3:0.60 4:0.68 5:0.96 6:0.71
[epoch 021/60] lr=2.39e-04 train: loss=0.1651 acc=0.9380 | val: loss=0.4179 acc=0.9005 macroAUC=0.9821 macroF1=0.6780 balAcc=0.6699 (68.9s, eta 44m47s)
            val recall/class: 0:0.26 1:0.86 2:0.84 3:0.60 4:0.59 5:0.96 6:0.57
[epoch 022/60] lr=2.32e-04 train: loss=0.1581 acc=0.9396 | val: loss=0.4677 acc=0.9023 macroAUC=0.9805 macroF1=0.6787 balAcc=0.6806 (70.5s, eta 43m56s)
            val recall/class: 0:0.16 1:0.91 2:0.78 3:0.60 4:0.64 5:0.97 6:0.71
[epoch 023/60] lr=2.25e-04 train: loss=0.1383 acc=0.9475 | val: loss=0.5079 acc=0.9040 macroAUC=0.9762 macroF1=0.6828 balAcc=0.6668 (79.3s, eta 44m00s)
            val recall/class: 0:0.32 1:0.91 2:0.90 3:0.60 4:0.41 5:0.96 6:0.57
[epoch 024/60] lr=2.18e-04 train: loss=0.1516 acc=0.9432 | val: loss=0.4793 acc=0.9058 macroAUC=0.9759 macroF1=0.7054 balAcc=0.6819 (68.4s, eta 42m48s)
            val recall/class: 0:0.37 1:0.86 2:0.96 3:0.60 4:0.45 5:0.96 6:0.57
[epoch 025/60] lr=2.10e-04 train: loss=0.1235 acc=0.9507 | val: loss=0.4270 acc=0.9092 macroAUC=0.9805 macroF1=0.7111 balAcc=0.7038 (70.8s, eta 41m45s)
            val recall/class: 0:0.32 1:0.86 2:0.88 3:0.60 4:0.59 5:0.96 6:0.71
[epoch 026/60] lr=2.03e-04 train: loss=0.1271 acc=0.9498 | val: loss=0.4368 acc=0.9005 macroAUC=0.9801 macroF1=0.6803 balAcc=0.6655 (68.7s, eta 40m32s)
            val recall/class: 0:0.32 1:0.86 2:0.70 3:0.60 4:0.64 5:0.97 6:0.57
[epoch 027/60] lr=1.95e-04 train: loss=0.1178 acc=0.9547 | val: loss=0.4817 acc=0.9075 macroAUC=0.9772 macroF1=0.6948 balAcc=0.6631 (70.2s, eta 39m19s)
            val recall/class: 0:0.32 1:0.91 2:0.72 3:0.60 4:0.55 5:0.98 6:0.57
[epoch 028/60] lr=1.87e-04 train: loss=0.1169 acc=0.9573 | val: loss=0.4760 acc=0.9040 macroAUC=0.9792 macroF1=0.6995 balAcc=0.6804 (69.2s, eta 37m02s)
            val recall/class: 0:0.32 1:0.86 2:0.80 3:0.60 4:0.50 5:0.97 6:0.71
[epoch 029/60] lr=1.79e-04 train: loss=0.1000 acc=0.9618 | val: loss=0.5066 acc=0.8970 macroAUC=0.9776 macroF1=0.6466 balAcc=0.6035 (69.7s, eta 36m01s)
            val recall/class: 0:0.37 1:0.82 2:0.72 3:0.60 4:0.45 5:0.98 6:0.29
[epoch 030/60] lr=1.71e-04 train: loss=0.1051 acc=0.9625 | val: loss=0.4435 acc=0.9040 macroAUC=0.9808 macroF1=0.7132 balAcc=0.6814 (70.3s, eta 34m48s)
            val recall/class: 0:0.37 1:0.86 2:0.80 3:0.60 4:0.45 5:0.97 6:0.71
[epoch 031/60] lr=1.62e-04 train: loss=0.0887 acc=0.9656 | val: loss=0.5091 acc=0.9058 macroAUC=0.9770 macroF1=0.7121 balAcc=0.6920 (69.0s, eta 33m41s)
            val recall/class: 0:0.37 1:0.86 2:0.82 3:0.60 4:0.36 5:0.97 6:0.86

Early stop: val balanced_acc has not improved by more than 0.0 for 15 epochs (best 0.7535 at epoch 16).

Done (early_stop). Best val balanced_acc: 0.7535 (epoch 16)
Best checkpoint:    /content/runs_224/fpvit_c224_pretrained_s43/best_model.pt
Last checkpoint:    /content/runs_224/fpvit_c224_pretrained_s43/last_model.pt
Experiment record:  /content/runs_224/fpvit_c224_pretrained_s43/experiment_record.json
Per-epoch metrics:  /content/runs_224/fpvit_c224_pretrained_s43/metrics.csv
Campaign index:     /content/runs_224/index.jsonl
